---
source: tests/snapshots.rs
expression: buffer_to_text(&buf)
---
 ▶▮◀ /tmp/tuxedo-hooks-snapshot.txt  •  0 tasks  •  sort:priority                                   
                                                                                                    
                                                                                                    
                                                                                                    
                                                                                                    
                                                                                                    
                                                                                                    
                                                                                                    
                      ┌ tuxedo-hooks ────────────────────────────────────────┐                      
                      │                    ██          ██                    │                      
                      │                    ████  ██  ████                    │                      
                      │                    ██████████████                    │                      
                      │                    ████  ██  ████                    │                      
                      │                    ██          ██                    │                      
                      │                                                      │                      
                      │  no tasks yet — let's get started                    │                      
                      │                                                      │                      
                      │   n   add a task                                     │                      
                      │   ?   show all keybindings                           │                      
                      │   ,   settings                                       │                      
                      │   q   quit                                           │                      
                      │                                                      │                      
                      │   format: (A) Buy milk +shop @home due:2026-05-12    │                      
                      └──────────────────────────────────────────────────────┘                      
                                                                                                    
                                                                                                    
                                                                                                    
                                                                                                    
                                                                                                    
                                                                                                    
                                                                                                    
 NORMAL   j/k · n new · r reschedule · x done · / search0 open · 2026-05-06 · tuxedo-hooks 2026.9.1
